------------------------------------------------------------
TimeQuest Timing Analyzer Summary
------------------------------------------------------------

Type  : Slow 1200mV 85C Model Setup 'm_in[0]'
Slack : -1.986
TNS   : -3.565

Type  : Slow 1200mV 85C Model Setup 'clk'
Slack : -1.685
TNS   : -9.160

Type  : Slow 1200mV 85C Model Hold 'm_in[0]'
Slack : 0.343
TNS   : 0.000

Type  : Slow 1200mV 85C Model Hold 'clk'
Slack : 0.356
TNS   : 0.000

Type  : Slow 1200mV 85C Model Minimum Pulse Width 'clk'
Slack : -3.000
TNS   : -10.000

Type  : Slow 1200mV 85C Model Minimum Pulse Width 'm_in[0]'
Slack : -3.000
TNS   : -3.000

Type  : Slow 1200mV 0C Model Setup 'm_in[0]'
Slack : -1.835
TNS   : -3.257

Type  : Slow 1200mV 0C Model Setup 'clk'
Slack : -1.405
TNS   : -7.644

Type  : Slow 1200mV 0C Model Hold 'clk'
Slack : 0.311
TNS   : 0.000

Type  : Slow 1200mV 0C Model Hold 'm_in[0]'
Slack : 0.411
TNS   : 0.000

Type  : Slow 1200mV 0C Model Minimum Pulse Width 'clk'
Slack : -3.000
TNS   : -10.000

Type  : Slow 1200mV 0C Model Minimum Pulse Width 'm_in[0]'
Slack : -3.000
TNS   : -3.000

Type  : Fast 1200mV 0C Model Setup 'm_in[0]'
Slack : -1.176
TNS   : -2.196

Type  : Fast 1200mV 0C Model Setup 'clk'
Slack : -0.875
TNS   : -5.594

Type  : Fast 1200mV 0C Model Hold 'clk'
Slack : 0.186
TNS   : 0.000

Type  : Fast 1200mV 0C Model Hold 'm_in[0]'
Slack : 0.214
TNS   : 0.000

Type  : Fast 1200mV 0C Model Minimum Pulse Width 'clk'
Slack : -3.000
TNS   : -10.153

Type  : Fast 1200mV 0C Model Minimum Pulse Width 'm_in[0]'
Slack : -3.000
TNS   : -3.166

------------------------------------------------------------
